Processing esp32s3cam (platform: espressif32; board: esp32-s3-devkitc-1; framework: arduino; build_flags: -DBOARD_HAS_PSRAM, -DARDUINO_USB_MODE=1, -DARDUINO_USB_CDC_ON_BOOT=1, -DCORE_DEBUG_LEVEL=5; board_build.arduino.memory_type: qio_qspi; board_build.f_cpu: 240000000L; monitor_speed: 115200; lib_deps: miguelbalboa/MFRC522@^1.4.11)
--------------------------------------------------------------------------------
Tool Manager: Installing platformio/tool-scons @ ~4.40801.0
Downloading 0% 10% 20% 30% 40% 50% 60% 70% 80% 90% 100%
Unpacking 0% 10% 20% 30% 40% 50% 60% 70% 80% 90% 100%
Tool Manager: tool-scons@4.40801.0 has been installed!
Removing unused dependencies...
python : SemanticVersionError: Invalid simple block '^1.4.11\tq'
En línea: 1 Carácter: 1
+ python -m platformio run --verbose 2>&1 | Tee-Object -FilePath build_ ...
+ ~~~~~~~~~~~~~~~~~~~~~~~~~~~~~~~~~~~~~~~
    + CategoryInfo          : NotSpecified: (SemanticVersion...ck '^1.4.11\tq' 
   :String) [], RemoteException
    + FullyQualifiedErrorId : NativeCommandError
 
